https://www.youtube.com/@mshfyi
https://www.youtube.com/user/adric22
https://www.youtube.com/user/caseyneistat
https://www.youtube.com/user/CGPGrey
https://www.youtube.com/user/DEN777NYC
https://www.youtube.com/c/macaddress
https://www.youtube.com/c/MasyanyaKuvaeva
https://www.youtube.com/c/MintyComedicArts
https://www.youtube.com/c/MirovichMedia
https://www.youtube.com/c/pcvideogames1
https://www.youtube.com/c/VirginiaBeowulf
https://www.youtube.com/@Yuri_Velikiy
https://www.youtube.com/channel/UCdd-_anGfzFr1V8sCcffj1Q
https://www.youtube.com/channel/UCsAw3WynQJMm7tMy093y37A
https://www.youtube.com/channel/UCMCgOm8GZkHp8zJ6l7_hIuA
https://www.youtube.com/channel/UCZzXBTOSdtmOz9_VMYffr4g
https://www.youtube.com/channel/UCHyKw2eTvVOwnIGTCApFkKg
https://www.youtube.com/channel/UCbhMGG0ZievPtK8mzLH5jhQ
https://www.youtube.com/channel/UCz4tgANd4yy8Oe0iXCdSWfA
https://www.youtube.com/channel/UCp2J7GRxQ36QLqW4ReLLt5g
https://www.youtube.com/channel/UCF6eEVtJokEFdaTDL5BKT4w
https://www.youtube.com/channel/UCbaKd4mhqd1QvfDp5EaUlHw
https://www.youtube.com/channel/UCFzGyNKXPAglNq28qWYTDFA
https://www.youtube.com/channel/UC1uS4JFcc8KXZVoBSh3XVHA
https://www.youtube.com/channel/UCuW-vcw_38daTOL6NQQVVUA
https://www.youtube.com/channel/UCUGfDbfRIx51kJGGHIFo8Rw
https://www.youtube.com/channel/UCBCogdiLy2AAzL6Nsn2W8MA
https://www.youtube.com/channel/UC7oPkqeHTwuOZ5CZ-R9f-6w
https://www.youtube.com/playlist?list=PL5FMLPRj1j6KNnS37Tmf6gBXx4CQXvv59
