https://www.youtube.com/user/adric22
https://www.youtube.com/user/caseyneistat
https://www.youtube.com/user/CGPGrey
https://www.youtube.com/user/DEN777NYC
https://www.youtube.com/c/MintyComedicArts
https://www.youtube.com/c/MirovichMedia
https://www.youtube.com/c/pcvideogames1
https://www.youtube.com/c/PhoneticFanatic
https://www.youtube.com/c/Rossatron
https://www.youtube.com/c/TamaraEidelmanHistory
https://www.youtube.com/c/VirginiaBeowulf
https://www.youtube.com/c/%D0%A0%D0%B5%D0%B4%D0%B0%D0%BA%D1%86%D0%B8%D1%8F
https://www.youtube.com/c/%D0%96%D0%97%D0%9B%D1%81%D0%94%D0%BC%D0%B8%D1%82%D1%80%D0%B8%D0%B5%D0%BC%D0%91%D1%8B%D0%BA%D0%BE%D0%B2%D1%8B%D0%BC
https://www.youtube.com/channel/UCdd-_anGfzFr1V8sCcffj1Q
https://www.youtube.com/channel/UCsAw3WynQJMm7tMy093y37A
https://www.youtube.com/channel/UCMCgOm8GZkHp8zJ6l7_hIuA
https://www.youtube.com/channel/UCZzXBTOSdtmOz9_VMYffr4g
https://www.youtube.com/channel/UCHyKw2eTvVOwnIGTCApFkKg
https://www.youtube.com/channel/UCbhMGG0ZievPtK8mzLH5jhQ
https://www.youtube.com/channel/UCz4tgANd4yy8Oe0iXCdSWfA
https://www.youtube.com/channel/UCNqktdxgAADBj36dC7VGOgg
https://www.youtube.com/channel/UCp2J7GRxQ36QLqW4ReLLt5g
https://www.youtube.com/channel/UCF6eEVtJokEFdaTDL5BKT4w
https://www.youtube.com/channel/UC3NnKjSrLYA0CUsAx77hUyw
https://www.youtube.com/channel/UCHolgwHAkMbCumXNFbcOjSg
https://www.youtube.com/channel/UCbaKd4mhqd1QvfDp5EaUlHw
https://www.youtube.com/channel/UCt_8fuHUeGwkqdwFcQ3hEBg
https://www.youtube.com/channel/UCFzGyNKXPAglNq28qWYTDFA
https://www.youtube.com/channel/UC1uS4JFcc8KXZVoBSh3XVHA
https://www.youtube.com/channel/UCuW-vcw_38daTOL6NQQVVUA
https://www.youtube.com/playlist?list=PLmkbS48df313zBeQtxckns8Nq4IyWhV1P
https://www.youtube.com/playlist?list=PL5FMLPRj1j6KNnS37Tmf6gBXx4CQXvv59
https://www.youtube.com/playlist?list=PLXC5YMZIp-yeUalAZ3A0xItfreUmUtXeE
https://www.youtube.com/playlist?list=PLbMP1JcGBmSGMPKkLoq6CGwwKDxl9VvBE
https://www.youtube.com/playlist?list=PLBF-lvWRotGN-zRkXuDLiYFZMhbJiJVVX
https://vimeo.com/user1690209
